// Jest Snapshot v1, https://goo.gl/fbAQLP

exports[`Input should match the snapshot 1`] = `
<form>
  <label
    htmlFor="pick"
  >
    Starting Location
  </label>
  <input
    id="pick"
    placeholder="Starting Location"
    type="text"
  />
  <label
    htmlFor="drop"
  >
    Drop-off point
  </label>
  <input
    id="drop"
    placeholder="Drop-off point"
    type="text"
  />
  <br />
  <input
    onClick={[Function]}
    type="submit"
  />
  <input
    onClick={[Function]}
    type="button"
    value="Reset"
  />
</form>
`;
