// Jest Snapshot v1, https://goo.gl/fbAQLP

exports[`renders without crashing 1`] = `
<withScriptjs(App)
  googleMapURL="googleMapURL"
  loadingElement={
    <div
      style={
        Object {
          "height": "100%",
        }
      }
    />
  }
>
  <App>
    <Direction
      path={Array []}
    >
      <div
        className="container"
      >
        <div
          className="form"
        >
          <Input
            distance=""
            duration=""
            onReset={[Function]}
            onSubmit={[Function]}
          >
            <form>
              <label
                htmlFor="pick"
              >
                Starting Location
              </label>
              <StandaloneSearchBox
                onPlacesChanged={[Function]}
              >
                <input
                  id="pick"
                  placeholder="Starting Location"
                  type="text"
                />
              </StandaloneSearchBox>
              <label
                htmlFor="drop"
              >
                Drop-off point
              </label>
              <StandaloneSearchBox
                onPlacesChanged={[Function]}
              >
                <input
                  id="drop"
                  placeholder="Drop-off point"
                  type="text"
                />
              </StandaloneSearchBox>
              <br />
              <input
                onClick={[Function]}
                type="submit"
                value="Submit"
              />
              <input
                onClick={[Function]}
                type="button"
                value="Reset"
              />
            </form>
          </Input>
        </div>
        <withGoogleMap(Map)
          containerElement={
            <div
              className="map"
            />
          }
          directions={null}
          mapElement={
            <div
              style={
                Object {
                  "height": "100%",
                }
              }
            />
          }
        >
          <div
            className="map"
          >
            <div
              style={
                Object {
                  "height": "100%",
                }
              }
            />
            <div />
          </div>
        </withGoogleMap(Map)>
      </div>
    </Direction>
  </App>
</withScriptjs(App)>
`;
